{"data":{"log_version":3,"version":"=2.0.0-preview.164"},"info":{"category":"","code":"A001","extra":{},"invocation_id":"019d7db6-ed08-7841-a63a-0f6059453ded","level":"info","msg":"Running with dbt-fusion=2.0.0-preview.164","name":"MainReportVersion","pid":92169,"thread":"tokio-rt-worker","ts":"2026-04-11T18:03:53.481182Z"}}
{"data":{"args":{"debug":"false","invocation_command":"/home/jittolinux/.local/bin/dbt license info --json --log-format json","log_format":"json","quiet":"false","write_json":"true"}},"info":{"category":"","code":"A002","extra":{},"invocation_id":"019d7db6-ed08-7841-a63a-0f6059453ded","level":"debug","msg":"running dbt-fusion with argumets {\"command\":\"license\",\"vars\":\"{}\",\"limit\":\"10\",\"debug\":false,\"log_format\":\"json\",\"quiet\":false,\"write_json\":true,\"write_catalog\":false}","name":"MainReportArgs","pid":92169,"thread":"tokio-rt-worker","ts":"2026-04-11T18:03:53.481191Z"}}
{"data":{},"info":{"category":"","code":"","extra":{},"invocation_id":"019d7db6-ed08-7841-a63a-0f6059453ded","level":"debug","msg":"No active cloud project configured, skipping remote license","name":"Generic","pid":92169,"thread":"tokio-rt-worker","ts":"2026-04-11T18:03:53.481272Z"}}
{"data":{"columns":[],"is_inline":true,"node_name":"license_info","output_format":"json","preview":"{\n  \"status\": \"not_found\",\n  \"licensing_enabled\": true\n}","unique_id":"license.info"},"info":{"category":"","code":"Q041","extra":{},"invocation_id":"019d7db6-ed08-7841-a63a-0f6059453ded","level":"info","msg":"{\n  \"status\": \"not_found\",\n  \"licensing_enabled\": true\n}","name":"ShowNode","pid":92169,"thread":"tokio-rt-worker","ts":"2026-04-11T18:03:53.481301Z"}}
{"data":{"completed_at":"2026-04-11T18:04:06.446453Z","elapsed":12.965331077575684,"success":true},"info":{"category":"","code":"Q039","extra":{},"invocation_id":"019d7db6-ed08-7841-a63a-0f6059453ded","level":"info","msg":"\n==================== Execution Summary =====================\nFinished 'license' successfully [13.0s]","name":"CommandCompleted","pid":92169,"thread":"tokio-rt-worker","ts":"2026-04-11T18:04:06.446530Z"}}
{"data":{"log_version":3,"version":"=2.0.0-preview.164"},"info":{"category":"","code":"A001","extra":{},"invocation_id":"019d7dc1-39c9-7663-9b5c-8933546f6621","level":"info","msg":"Running with dbt-fusion=2.0.0-preview.164","name":"MainReportVersion","pid":105313,"thread":"tokio-rt-worker","ts":"2026-04-11T18:15:08.490003Z"}}
{"data":{"args":{"debug":"false","invocation_command":"/home/jittolinux/.local/bin/dbt license info --json --log-format json","log_format":"json","quiet":"false","write_json":"true"}},"info":{"category":"","code":"A002","extra":{},"invocation_id":"019d7dc1-39c9-7663-9b5c-8933546f6621","level":"debug","msg":"running dbt-fusion with argumets {\"command\":\"license\",\"vars\":\"{}\",\"limit\":\"10\",\"debug\":false,\"log_format\":\"json\",\"quiet\":false,\"write_json\":true,\"write_catalog\":false}","name":"MainReportArgs","pid":105313,"thread":"tokio-rt-worker","ts":"2026-04-11T18:15:08.490010Z"}}
{"data":{},"info":{"category":"","code":"","extra":{},"invocation_id":"019d7dc1-39c9-7663-9b5c-8933546f6621","level":"debug","msg":"No active cloud project configured, skipping remote license","name":"Generic","pid":105313,"thread":"tokio-rt-worker","ts":"2026-04-11T18:15:08.490079Z"}}
{"data":{"columns":[],"is_inline":true,"node_name":"license_info","output_format":"json","preview":"{\n  \"status\": \"not_found\",\n  \"licensing_enabled\": true\n}","unique_id":"license.info"},"info":{"category":"","code":"Q041","extra":{},"invocation_id":"019d7dc1-39c9-7663-9b5c-8933546f6621","level":"info","msg":"{\n  \"status\": \"not_found\",\n  \"licensing_enabled\": true\n}","name":"ShowNode","pid":105313,"thread":"tokio-rt-worker","ts":"2026-04-11T18:15:08.490103Z"}}
{"data":{"completed_at":"2026-04-11T18:15:21.555122Z","elapsed":13.065165519714355,"success":true},"info":{"category":"","code":"Q039","extra":{},"invocation_id":"019d7dc1-39c9-7663-9b5c-8933546f6621","level":"info","msg":"\n==================== Execution Summary =====================\nFinished 'license' successfully [13.1s]","name":"CommandCompleted","pid":105313,"thread":"tokio-rt-worker","ts":"2026-04-11T18:15:21.555180Z"}}
[0m23:56:38.325495 [debug] [MainThread]: Sending event: {'category': 'dbt', 'action': 'invocation', 'label': 'start', 'context': [<snowplow_tracker.self_describing_json.SelfDescribingJson object at 0x7f7a5c08de20>, <snowplow_tracker.self_describing_json.SelfDescribingJson object at 0x7f7a5b56d070>, <snowplow_tracker.self_describing_json.SelfDescribingJson object at 0x7f7a5b6e5070>]}


============================== 23:56:38.340990 | c8d5db2f-a276-4991-924c-9e7128d1235d ==============================
[0m23:56:38.340990 [info ] [MainThread]: Running with dbt=1.11.8
[0m23:56:38.341253 [debug] [MainThread]: running dbt with arguments {'quiet': 'False', 'send_anonymous_usage_stats': 'True', 'fail_fast': 'False', 'debug': 'False', 'log_format': 'default', 'log_path': 'logs', 'invocation_command': 'dbt init ud_course', 'cache_selected_only': 'False', 'empty': 'None', 'no_print': 'None', 'target_path': 'None', 'partial_parse': 'True', 'profiles_dir': '/home/jittolinux/.dbt', 'use_colors': 'True', 'log_cache_events': 'False', 'introspect': 'True', 'indirect_selection': 'eager', 'use_experimental_parser': 'False', 'write_json': 'True', 'warn_error_options': 'WarnErrorOptionsV2(error=[], warn=[], silence=[])', 'warn_error': 'None', 'static_parser': 'True', 'version_check': 'True', 'printer_width': '80'}
[0m23:56:38.360966 [info ] [MainThread]: Creating dbt configuration folder at /home/jittolinux/.dbt
[0m23:56:38.361614 [debug] [MainThread]: Starter project path: /home/jittolinux/Documents/Code/dbtLearn/.venv/lib/python3.12/site-packages/dbt/include/starter_project
[0m23:56:38.362318 [info ] [MainThread]: 
Your new dbt project "ud_course" was created!

For more information on how to configure the profiles.yml file,
please consult the dbt documentation here:

  https://docs.getdbt.com/docs/configure-your-profile

One more thing:

Need help? Don't hesitate to reach out to us via GitHub issues or on Slack:

  https://community.getdbt.com/

Happy modeling!

[0m23:56:38.362479 [info ] [MainThread]: Setting up your profile.
[0m23:57:21.922738 [info ] [MainThread]: Profile ud_course written to /home/jittolinux/.dbt/profiles.yml using target's profile_template.yml and your supplied values. Run 'dbt debug' to validate the connection.
[0m23:57:21.923322 [debug] [MainThread]: Resource report: {"command_name": "init", "command_success": true, "command_wall_clock_time": 43.619434, "process_in_blocks": "31800", "process_kernel_time": 0.104719, "process_mem_max_rss": "131644", "process_out_blocks": "47824", "process_user_time": 1.450292}
[0m23:57:21.923655 [debug] [MainThread]: Command `dbt init` succeeded at 23:57:21.923548 after 43.62 seconds
[0m23:57:21.923930 [debug] [MainThread]: Sending event: {'category': 'dbt', 'action': 'invocation', 'label': 'end', 'context': [<snowplow_tracker.self_describing_json.SelfDescribingJson object at 0x7f7a5b8ca7e0>, <snowplow_tracker.self_describing_json.SelfDescribingJson object at 0x7f7a5b8cbfb0>, <snowplow_tracker.self_describing_json.SelfDescribingJson object at 0x7f7a5c043080>]}
[0m23:57:21.924205 [debug] [MainThread]: Flushing usage events
[0m23:57:29.220741 [debug] [MainThread]: An error was encountered while trying to flush usage events
{"data":{"log_version":3,"version":"=2.0.0-preview.164"},"info":{"category":"","code":"A001","extra":{},"invocation_id":"019d7dce-bdd5-7e31-9681-098fa755e286","level":"info","msg":"Running with dbt-fusion=2.0.0-preview.164","name":"MainReportVersion","pid":109618,"thread":"tokio-rt-worker","ts":"2026-04-11T18:29:54.262615Z"}}
{"data":{"args":{"debug":"false","invocation_command":"/home/jittolinux/.local/bin/dbt license info --json --log-format json","log_format":"json","quiet":"false","write_json":"true"}},"info":{"category":"","code":"A002","extra":{},"invocation_id":"019d7dce-bdd5-7e31-9681-098fa755e286","level":"debug","msg":"running dbt-fusion with argumets {\"command\":\"license\",\"vars\":\"{}\",\"limit\":\"10\",\"debug\":false,\"log_format\":\"json\",\"quiet\":false,\"write_json\":true,\"write_catalog\":false}","name":"MainReportArgs","pid":109618,"thread":"tokio-rt-worker","ts":"2026-04-11T18:29:54.262624Z"}}
{"data":{},"info":{"category":"","code":"","extra":{},"invocation_id":"019d7dce-bdd5-7e31-9681-098fa755e286","level":"debug","msg":"No active cloud project configured, skipping remote license","name":"Generic","pid":109618,"thread":"tokio-rt-worker","ts":"2026-04-11T18:29:54.262712Z"}}
{"data":{"columns":[],"is_inline":true,"node_name":"license_info","output_format":"json","preview":"{\n  \"status\": \"not_found\",\n  \"licensing_enabled\": true\n}","unique_id":"license.info"},"info":{"category":"","code":"Q041","extra":{},"invocation_id":"019d7dce-bdd5-7e31-9681-098fa755e286","level":"info","msg":"{\n  \"status\": \"not_found\",\n  \"licensing_enabled\": true\n}","name":"ShowNode","pid":109618,"thread":"tokio-rt-worker","ts":"2026-04-11T18:29:54.262744Z"}}
{"data":{"completed_at":"2026-04-11T18:30:07.533116Z","elapsed":13.270586967468262,"success":true},"info":{"category":"","code":"Q039","extra":{},"invocation_id":"019d7dce-bdd5-7e31-9681-098fa755e286","level":"info","msg":"\n==================== Execution Summary =====================\nFinished 'license' successfully [13.3s]","name":"CommandCompleted","pid":109618,"thread":"tokio-rt-worker","ts":"2026-04-11T18:30:07.533175Z"}}
{"data":{"log_version":3,"version":"=2.0.0-preview.164"},"info":{"category":"","code":"A001","extra":{},"invocation_id":"019d806e-4ce7-7a60-b09d-9b020d57a2c1","level":"info","msg":"Running with dbt-fusion=2.0.0-preview.164","name":"MainReportVersion","pid":12283,"thread":"tokio-rt-worker","ts":"2026-04-12T06:43:25.568830Z"}}
{"data":{"args":{"debug":"false","invocation_command":"/home/jittolinux/.local/bin/dbt license info --json --log-format json","log_format":"json","quiet":"false","write_json":"true"}},"info":{"category":"","code":"A002","extra":{},"invocation_id":"019d806e-4ce7-7a60-b09d-9b020d57a2c1","level":"debug","msg":"running dbt-fusion with argumets {\"command\":\"license\",\"vars\":\"{}\",\"limit\":\"10\",\"debug\":false,\"log_format\":\"json\",\"quiet\":false,\"write_json\":true,\"write_catalog\":false}","name":"MainReportArgs","pid":12283,"thread":"tokio-rt-worker","ts":"2026-04-12T06:43:25.568838Z"}}
{"data":{},"info":{"category":"","code":"","extra":{},"invocation_id":"019d806e-4ce7-7a60-b09d-9b020d57a2c1","level":"debug","msg":"No active cloud project configured, skipping remote license","name":"Generic","pid":12283,"thread":"tokio-rt-worker","ts":"2026-04-12T06:43:25.572157Z"}}
{"data":{"columns":[],"is_inline":true,"node_name":"license_info","output_format":"json","preview":"{\n  \"status\": \"not_found\",\n  \"licensing_enabled\": true\n}","unique_id":"license.info"},"info":{"category":"","code":"Q041","extra":{},"invocation_id":"019d806e-4ce7-7a60-b09d-9b020d57a2c1","level":"info","msg":"{\n  \"status\": \"not_found\",\n  \"licensing_enabled\": true\n}","name":"ShowNode","pid":12283,"thread":"tokio-rt-worker","ts":"2026-04-12T06:43:25.572225Z"}}
{"data":{"completed_at":"2026-04-12T06:43:38.626309Z","elapsed":13.058390617370605,"success":true},"info":{"category":"","code":"Q039","extra":{},"invocation_id":"019d806e-4ce7-7a60-b09d-9b020d57a2c1","level":"info","msg":"\n==================== Execution Summary =====================\nFinished 'license' successfully [13.1s]","name":"CommandCompleted","pid":12283,"thread":"tokio-rt-worker","ts":"2026-04-12T06:43:38.626367Z"}}
{"data":{"log_version":3,"version":"=2.0.0-preview.164"},"info":{"category":"","code":"A001","extra":{},"invocation_id":"019d80c4-7626-74d3-8f1f-ec7fc8896570","level":"info","msg":"Running with dbt-fusion=2.0.0-preview.164","name":"MainReportVersion","pid":6963,"thread":"tokio-rt-worker","ts":"2026-04-12T08:17:32.223440Z"}}
{"data":{"args":{"debug":"false","invocation_command":"/home/jittolinux/.local/bin/dbt license info --json --log-format json","log_format":"json","quiet":"false","write_json":"true"}},"info":{"category":"","code":"A002","extra":{},"invocation_id":"019d80c4-7626-74d3-8f1f-ec7fc8896570","level":"debug","msg":"running dbt-fusion with argumets {\"command\":\"license\",\"vars\":\"{}\",\"limit\":\"10\",\"debug\":false,\"log_format\":\"json\",\"quiet\":false,\"write_json\":true,\"write_catalog\":false}","name":"MainReportArgs","pid":6963,"thread":"tokio-rt-worker","ts":"2026-04-12T08:17:32.223446Z"}}
{"data":{},"info":{"category":"","code":"","extra":{},"invocation_id":"019d80c4-7626-74d3-8f1f-ec7fc8896570","level":"debug","msg":"No active cloud project configured, skipping remote license","name":"Generic","pid":6963,"thread":"tokio-rt-worker","ts":"2026-04-12T08:17:32.226738Z"}}
{"data":{"columns":[],"is_inline":true,"node_name":"license_info","output_format":"json","preview":"{\n  \"status\": \"not_found\",\n  \"licensing_enabled\": true\n}","unique_id":"license.info"},"info":{"category":"","code":"Q041","extra":{},"invocation_id":"019d80c4-7626-74d3-8f1f-ec7fc8896570","level":"info","msg":"{\n  \"status\": \"not_found\",\n  \"licensing_enabled\": true\n}","name":"ShowNode","pid":6963,"thread":"tokio-rt-worker","ts":"2026-04-12T08:17:32.226774Z"}}
{"data":{"completed_at":"2026-04-12T08:17:32.227764Z","elapsed":0.005219717975705862,"success":true},"info":{"category":"","code":"Q039","extra":{},"invocation_id":"019d80c4-7626-74d3-8f1f-ec7fc8896570","level":"info","msg":"\n==================== Execution Summary =====================\nFinished 'license' successfully [5ms]","name":"CommandCompleted","pid":6963,"thread":"tokio-rt-worker","ts":"2026-04-12T08:17:32.227793Z"}}
